# 对网站www.bing.com进行ping测试以检查连接状态.
ubuntu@accessible-instance:~$ ping www.bing.com
PING www.bing.com (13.107.21.200) 56(84) bytes of data.
64 bytes from bing.com (13.107.21.200): icmp_seq=1 ttl=122 time=3.75 ms
64 bytes from bing.com (13.107.21.200): icmp_seq=2 ttl=122 time=3.80 ms
64 bytes from bing.com (13.107.21.200): icmp_seq=3 ttl=122 time=3.97 ms
^C
--- www.bing.com ping statistics ---
3 packets transmitted, 3 received, 0% packet loss, time 2003ms
rtt min/avg/max/mdev = 3.748/3.838/3.969/0.094 ms

# 修改hosts文件将bing.com及其子域名重定向到13.107.21.200.
ubuntu@accessible-instance:~$ cat /etc/hosts
13.107.21.200 bing.com
13.107.21.200 r.bing.com
13.107.21.200 www.bing.com

# 从Gitlab项目下载warp-go_1.0.8_linux_arm64.tar.gz文件.
# https://gitlab.com/ProjectWARP/warp-go/-/releases
ubuntu@accessible-instance:~$ wget -c https://gitlab.com/ProjectWARP/warp-go/-/releases/v1.0.8/downloads/warp-go_1.0.8_linux_arm64.tar.gz

# 解压并使用sudo运行文件.
ubuntu@accessible-instance:~$ sudo ./warp-go

# 使用ifconfig命令检查网络接口以查看WARP网络接口.
ubuntu@accessible-instance:~$ ifconfig | less
WARP: flags=4305<UP,POINTOPOINT,RUNNING,NOARP,MULTICAST>  mtu 1280
        inet 172.16.0.2  netmask 255.255.255.255  destination 172.16.0.2
        inet6 2606:4700:110:80e9:b6ef:2c19:7f38:a020  prefixlen 128  scopeid 0x0<global>
        inet6 fe80::e35e:6c77:e48a:9439  prefixlen 64  scopeid 0x20<link>
        unspec 00-00-00-00-00-00-00-00-00-00-00-00-00-00-00-00  txqueuelen 500  (UNSPEC)
        RX packets 22704  bytes 12155111 (12.1 MB)
        RX errors 0  dropped 0  overruns 0  frame 0
        TX packets 41016  bytes 6265669 (6.2 MB)
        TX errors 0  dropped 0 overruns 0  carrier 0  collisions 0

# 通过WARP网络接口添加IP地址13.107.21.200的路由.
ubuntu@accessible-instance:~$ sudo ip route add 13.107.21.200/32 via 172.16.0.2
sudo ip route add 13.107.5.80/32 via 172.16.0.2
sudo ip route add 204.79.197.200/32 via 172.16.0.2


再访问服务器的trojan-go, 访问bing会走这个WARP,手机上也可以访问了